<?xml version="1.0" encoding="UTF-8"?>
<TestRun id="4f381a39-380a-450a-aaf5-e960a31caa56" name="horozov@HOROZOV 2013-06-25 13:44:53" runUser="TELERIK\horozov" xmlns="http://microsoft.com/schemas/VisualStudio/TeamTest/2010">
  <TestSettings name="Default Test Settings" id="046a5c3c-229a-4d33-bf50-708d5cf1045b">
    <Deployment runDeploymentRoot="horozov_HOROZOV 2013-06-25 13_44_53">
      <DeploymentItem filename="C:\Work\TestExamples\AcademyTestProject\Wrappers\bin\Debug\Wrappers.dll" />
    </Deployment>
    <Execution>
      <TestTypeSpecific />
      <AgentRule name="Execution Agents">
      </AgentRule>
    </Execution>
  </TestSettings>
  <Times creation="2013-06-25T13:44:53.4149883+03:00" queuing="2013-06-25T13:44:53.4819950+03:00" start="2013-06-25T13:44:53.4849953+03:00" finish="2013-06-25T13:45:15.6282094+03:00" />
  <ResultSummary outcome="Failed">
    <Counters total="1" executed="1" error="0" failed="1" timeout="0" aborted="0" inconclusive="0" passedButRunAborted="0" notRunnable="0" notExecuted="0" disconnected="0" warning="0" passed="0" completed="0" inProgress="0" pending="0" />
  </ResultSummary>
  <TestDefinitions>
    <UnitTest name="ChartViewFirstTimeLoadTest" storage="c:\work\testexamples\academytestproject\tests\bin\debug\tests.dll" id="5acaf1af-af05-8a82-846a-7a71f76b208b">
      <Description>Check ChartView scenario when chart is loaded for the first time</Description>
      <Execution id="a1b82816-23e8-4d03-861b-941d21026bb0" />
      <TestMethod codeBase="C:\Work\TestExamples\AcademyTestProject\Tests\bin\Debug\Tests.dll" adapterTypeName="Microsoft.VisualStudio.TestTools.TestTypes.Unit.UnitTestAdapter, Microsoft.VisualStudio.QualityTools.Tips.UnitTest.Adapter, Version=10.0.0.0, Culture=neutral, PublicKeyToken=b03f5f7f11d50a3a" className="Tests.Tests, Tests" name="ChartViewFirstTimeLoadTest" />
    </UnitTest>
  </TestDefinitions>
  <TestLists>
    <TestList name="Results Not in a List" id="8c84fa94-04c1-424b-9868-57a2d4851a1d" />
    <TestList name="All Loaded Results" id="19431567-8539-422a-85d7-44ee4e166bda" />
  </TestLists>
  <TestEntries>
    <TestEntry testId="5acaf1af-af05-8a82-846a-7a71f76b208b" executionId="a1b82816-23e8-4d03-861b-941d21026bb0" testListId="8c84fa94-04c1-424b-9868-57a2d4851a1d" />
  </TestEntries>
  <Results>
    <UnitTestResult executionId="a1b82816-23e8-4d03-861b-941d21026bb0" testId="5acaf1af-af05-8a82-846a-7a71f76b208b" testName="ChartViewFirstTimeLoadTest" computerName="HOROZOV" duration="00:00:11.0089530" startTime="2013-06-25T13:44:53.4899958+03:00" endTime="2013-06-25T13:45:04.6381105+03:00" testType="13cdc9d9-ddb5-4fa4-a97d-d965ccfc6d4b" outcome="Failed" testListId="8c84fa94-04c1-424b-9868-57a2d4851a1d" relativeResultsDirectory="a1b82816-23e8-4d03-861b-941d21026bb0">
      <Output>
        <ErrorInfo>
          <Message>Test method Tests.Tests.ChartViewFirstTimeLoadTest threw exception: 
ArtOfTest.Common.Exceptions.FindElementException: Element Not found!
FindExpression used: 
[name 'Exact' Popup]
</Message>
          <StackTrace>    at ArtOfTest.Common.WaitSync.CheckResult(WaitSync wait, String extraExceptionInfo, Object target)
   at ArtOfTest.Common.WaitSync.For[T](Predicate`1 predicate, T target, Boolean invertCondition, Int32 timeout, WaitResultType errorResultType)
   at ArtOfTest.WebAii.Silverlight.VisualWait.ForExistsInternal(Int32 timeout, Boolean invertCondition)
   at ArtOfTest.WebAii.Silverlight.VisualWait.ForVisible(Int32 timeout)
   at ArtOfTest.WebAii.Silverlight.VisualFind.ReturnOrThrow(FrameworkElement e, String throwMessage)
   at ArtOfTest.WebAii.Silverlight.VisualFind.ByName(String name)
   at Tests.Tests.ChartViewFirstTimeLoadTest() in C:\Work\TestExamples\AcademyTestProject\Tests\Tests.cs:line 126
</StackTrace>
        </ErrorInfo>
      </Output>
    </UnitTestResult>
  </Results>
</TestRun>